Archive member included to satisfy reference by file (symbol)

c:/st/stm32cubeide_1.11.0/stm32cubeide/plugins/com.st.stm32cube.ide.mcu.externaltools.gnu-tools-for-stm32.10.3-2021.10.win32_1.0.100.202210260954/tools/bin/../lib/gcc/arm-none-eabi/10.3.1/../../../../arm-none-eabi/lib/thumb/v7e-m+fp/hard\libc_nano.a(lib_a-errno.o)
                              ./Src/syscalls.o (__errno)
c:/st/stm32cubeide_1.11.0/stm32cubeide/plugins/com.st.stm32cube.ide.mcu.externaltools.gnu-tools-for-stm32.10.3-2021.10.win32_1.0.100.202210260954/tools/bin/../lib/gcc/arm-none-eabi/10.3.1/../../../../arm-none-eabi/lib/thumb/v7e-m+fp/hard\libc_nano.a(lib_a-exit.o)
                              c:/st/stm32cubeide_1.11.0/stm32cubeide/plugins/com.st.stm32cube.ide.mcu.externaltools.gnu-tools-for-stm32.10.3-2021.10.win32_1.0.100.202210260954/tools/bin/../lib/gcc/arm-none-eabi/10.3.1/../../../../arm-none-eabi/lib/thumb/v7e-m+fp/hard/crt0.o (exit)
c:/st/stm32cubeide_1.11.0/stm32cubeide/plugins/com.st.stm32cube.ide.mcu.externaltools.gnu-tools-for-stm32.10.3-2021.10.win32_1.0.100.202210260954/tools/bin/../lib/gcc/arm-none-eabi/10.3.1/../../../../arm-none-eabi/lib/thumb/v7e-m+fp/hard\libc_nano.a(lib_a-impure.o)
                              c:/st/stm32cubeide_1.11.0/stm32cubeide/plugins/com.st.stm32cube.ide.mcu.externaltools.gnu-tools-for-stm32.10.3-2021.10.win32_1.0.100.202210260954/tools/bin/../lib/gcc/arm-none-eabi/10.3.1/../../../../arm-none-eabi/lib/thumb/v7e-m+fp/hard\libc_nano.a(lib_a-exit.o) (_global_impure_ptr)
c:/st/stm32cubeide_1.11.0/stm32cubeide/plugins/com.st.stm32cube.ide.mcu.externaltools.gnu-tools-for-stm32.10.3-2021.10.win32_1.0.100.202210260954/tools/bin/../lib/gcc/arm-none-eabi/10.3.1/../../../../arm-none-eabi/lib/thumb/v7e-m+fp/hard\libc_nano.a(lib_a-init.o)
                              c:/st/stm32cubeide_1.11.0/stm32cubeide/plugins/com.st.stm32cube.ide.mcu.externaltools.gnu-tools-for-stm32.10.3-2021.10.win32_1.0.100.202210260954/tools/bin/../lib/gcc/arm-none-eabi/10.3.1/../../../../arm-none-eabi/lib/thumb/v7e-m+fp/hard/crt0.o (__libc_init_array)
c:/st/stm32cubeide_1.11.0/stm32cubeide/plugins/com.st.stm32cube.ide.mcu.externaltools.gnu-tools-for-stm32.10.3-2021.10.win32_1.0.100.202210260954/tools/bin/../lib/gcc/arm-none-eabi/10.3.1/../../../../arm-none-eabi/lib/thumb/v7e-m+fp/hard\libc_nano.a(lib_a-memset.o)
                              c:/st/stm32cubeide_1.11.0/stm32cubeide/plugins/com.st.stm32cube.ide.mcu.externaltools.gnu-tools-for-stm32.10.3-2021.10.win32_1.0.100.202210260954/tools/bin/../lib/gcc/arm-none-eabi/10.3.1/../../../../arm-none-eabi/lib/thumb/v7e-m+fp/hard/crt0.o (memset)

Discarded input sections

 .text          0x0000000000000000        0x0 c:/st/stm32cubeide_1.11.0/stm32cubeide/plugins/com.st.stm32cube.ide.mcu.externaltools.gnu-tools-for-stm32.10.3-2021.10.win32_1.0.100.202210260954/tools/bin/../lib/gcc/arm-none-eabi/10.3.1/thumb/v7e-m+fp/hard/crti.o
 .data          0x0000000000000000        0x0 c:/st/stm32cubeide_1.11.0/stm32cubeide/plugins/com.st.stm32cube.ide.mcu.externaltools.gnu-tools-for-stm32.10.3-2021.10.win32_1.0.100.202210260954/tools/bin/../lib/gcc/arm-none-eabi/10.3.1/thumb/v7e-m+fp/hard/crti.o
 .bss           0x0000000000000000        0x0 c:/st/stm32cubeide_1.11.0/stm32cubeide/plugins/com.st.stm32cube.ide.mcu.externaltools.gnu-tools-for-stm32.10.3-2021.10.win32_1.0.100.202210260954/tools/bin/../lib/gcc/arm-none-eabi/10.3.1/thumb/v7e-m+fp/hard/crti.o
 .data          0x0000000000000000        0x4 c:/st/stm32cubeide_1.11.0/stm32cubeide/plugins/com.st.stm32cube.ide.mcu.externaltools.gnu-tools-for-stm32.10.3-2021.10.win32_1.0.100.202210260954/tools/bin/../lib/gcc/arm-none-eabi/10.3.1/thumb/v7e-m+fp/hard/crtbegin.o
 .rodata        0x0000000000000000       0x24 c:/st/stm32cubeide_1.11.0/stm32cubeide/plugins/com.st.stm32cube.ide.mcu.externaltools.gnu-tools-for-stm32.10.3-2021.10.win32_1.0.100.202210260954/tools/bin/../lib/gcc/arm-none-eabi/10.3.1/thumb/v7e-m+fp/hard/crtbegin.o
 .text          0x0000000000000000       0x7c c:/st/stm32cubeide_1.11.0/stm32cubeide/plugins/com.st.stm32cube.ide.mcu.externaltools.gnu-tools-for-stm32.10.3-2021.10.win32_1.0.100.202210260954/tools/bin/../lib/gcc/arm-none-eabi/10.3.1/../../../../arm-none-eabi/lib/thumb/v7e-m+fp/hard/crt0.o
 .data          0x0000000000000000        0x0 c:/st/stm32cubeide_1.11.0/stm32cubeide/plugins/com.st.stm32cube.ide.mcu.externaltools.gnu-tools-for-stm32.10.3-2021.10.win32_1.0.100.202210260954/tools/bin/../lib/gcc/arm-none-eabi/10.3.1/../../../../arm-none-eabi/lib/thumb/v7e-m+fp/hard/crt0.o
 .bss           0x0000000000000000        0x0 c:/st/stm32cubeide_1.11.0/stm32cubeide/plugins/com.st.stm32cube.ide.mcu.externaltools.gnu-tools-for-stm32.10.3-2021.10.win32_1.0.100.202210260954/tools/bin/../lib/gcc/arm-none-eabi/10.3.1/../../../../arm-none-eabi/lib/thumb/v7e-m+fp/hard/crt0.o
 .ARM.extab     0x0000000000000000        0x0 c:/st/stm32cubeide_1.11.0/stm32cubeide/plugins/com.st.stm32cube.ide.mcu.externaltools.gnu-tools-for-stm32.10.3-2021.10.win32_1.0.100.202210260954/tools/bin/../lib/gcc/arm-none-eabi/10.3.1/../../../../arm-none-eabi/lib/thumb/v7e-m+fp/hard/crt0.o
 .ARM.exidx     0x0000000000000000       0x10 c:/st/stm32cubeide_1.11.0/stm32cubeide/plugins/com.st.stm32cube.ide.mcu.externaltools.gnu-tools-for-stm32.10.3-2021.10.win32_1.0.100.202210260954/tools/bin/../lib/gcc/arm-none-eabi/10.3.1/../../../../arm-none-eabi/lib/thumb/v7e-m+fp/hard/crt0.o
 .ARM.attributes
                0x0000000000000000       0x1c c:/st/stm32cubeide_1.11.0/stm32cubeide/plugins/com.st.stm32cube.ide.mcu.externaltools.gnu-tools-for-stm32.10.3-2021.10.win32_1.0.100.202210260954/tools/bin/../lib/gcc/arm-none-eabi/10.3.1/../../../../arm-none-eabi/lib/thumb/v7e-m+fp/hard/crt0.o
 .group         0x0000000000000000        0xc ./Src/011i2c_master_receive.o
 .group         0x0000000000000000        0xc ./Src/011i2c_master_receive.o
 .group         0x0000000000000000        0xc ./Src/011i2c_master_receive.o
 .group         0x0000000000000000        0xc ./Src/011i2c_master_receive.o
 .group         0x0000000000000000        0xc ./Src/011i2c_master_receive.o
 .group         0x0000000000000000        0xc ./Src/011i2c_master_receive.o
 .group         0x0000000000000000        0xc ./Src/011i2c_master_receive.o
 .group         0x0000000000000000        0xc ./Src/011i2c_master_receive.o
 .group         0x0000000000000000        0xc ./Src/011i2c_master_receive.o
 .group         0x0000000000000000        0xc ./Src/011i2c_master_receive.o
 .group         0x0000000000000000        0xc ./Src/011i2c_master_receive.o
 .group         0x0000000000000000        0xc ./Src/011i2c_master_receive.o
 .group         0x0000000000000000        0xc ./Src/011i2c_master_receive.o
 .group         0x0000000000000000        0xc ./Src/011i2c_master_receive.o
 .group         0x0000000000000000        0xc ./Src/011i2c_master_receive.o
 .group         0x0000000000000000        0xc ./Src/011i2c_master_receive.o
 .group         0x0000000000000000        0xc ./Src/011i2c_master_receive.o
 .group         0x0000000000000000        0xc ./Src/011i2c_master_receive.o
 .group         0x0000000000000000        0xc ./Src/011i2c_master_receive.o
 .group         0x0000000000000000        0xc ./Src/011i2c_master_receive.o
 .group         0x0000000000000000        0xc ./Src/011i2c_master_receive.o
 .group         0x0000000000000000        0xc ./Src/011i2c_master_receive.o
 .group         0x0000000000000000        0xc ./Src/011i2c_master_receive.o
 .group         0x0000000000000000        0xc ./Src/011i2c_master_receive.o
 .group         0x0000000000000000        0xc ./Src/011i2c_master_receive.o
 .group         0x0000000000000000        0xc ./Src/011i2c_master_receive.o
 .group         0x0000000000000000        0xc ./Src/011i2c_master_receive.o
 .group         0x0000000000000000        0xc ./Src/011i2c_master_receive.o
 .group         0x0000000000000000        0xc ./Src/011i2c_master_receive.o
 .group         0x0000000000000000        0xc ./Src/011i2c_master_receive.o
 .group         0x0000000000000000        0xc ./Src/011i2c_master_receive.o
 .group         0x0000000000000000        0xc ./Src/011i2c_master_receive.o
 .group         0x0000000000000000        0xc ./Src/011i2c_master_receive.o
 .group         0x0000000000000000        0xc ./Src/011i2c_master_receive.o
 .group         0x0000000000000000        0xc ./Src/011i2c_master_receive.o
 .group         0x0000000000000000        0xc ./Src/011i2c_master_receive.o
 .group         0x0000000000000000        0xc ./Src/011i2c_master_receive.o
 .group         0x0000000000000000        0xc ./Src/011i2c_master_receive.o
 .group         0x0000000000000000        0xc ./Src/011i2c_master_receive.o
 .group         0x0000000000000000        0xc ./Src/011i2c_master_receive.o
 .text          0x0000000000000000        0x0 ./Src/011i2c_master_receive.o
 .data          0x0000000000000000        0x0 ./Src/011i2c_master_receive.o
 .bss           0x0000000000000000        0x0 ./Src/011i2c_master_receive.o
 .data.some_data
                0x0000000000000000       0x1e ./Src/011i2c_master_receive.o
 .group         0x0000000000000000        0xc ./Src/syscalls.o
 .group         0x0000000000000000        0xc ./Src/syscalls.o
 .group         0x0000000000000000        0xc ./Src/syscalls.o
 .group         0x0000000000000000        0xc ./Src/syscalls.o
 .group         0x0000000000000000        0xc ./Src/syscalls.o
 .group         0x0000000000000000        0xc ./Src/syscalls.o
 .group         0x0000000000000000        0xc ./Src/syscalls.o
 .group         0x0000000000000000        0xc ./Src/syscalls.o
 .group         0x0000000000000000        0xc ./Src/syscalls.o
 .group         0x0000000000000000        0xc ./Src/syscalls.o
 .group         0x0000000000000000        0xc ./Src/syscalls.o
 .group         0x0000000000000000        0xc ./Src/syscalls.o
 .group         0x0000000000000000        0xc ./Src/syscalls.o
 .group         0x0000000000000000        0xc ./Src/syscalls.o
 .group         0x0000000000000000        0xc ./Src/syscalls.o
 .group         0x0000000000000000        0xc ./Src/syscalls.o
 .group         0x0000000000000000        0xc ./Src/syscalls.o
 .group         0x0000000000000000        0xc ./Src/syscalls.o
 .group         0x0000000000000000        0xc ./Src/syscalls.o
 .group         0x0000000000000000        0xc ./Src/syscalls.o
 .group         0x0000000000000000        0xc ./Src/syscalls.o
 .group         0x0000000000000000        0xc ./Src/syscalls.o
 .group         0x0000000000000000        0xc ./Src/syscalls.o
 .group         0x0000000000000000        0xc ./Src/syscalls.o
 .group         0x0000000000000000        0xc ./Src/syscalls.o
 .group         0x0000000000000000        0xc ./Src/syscalls.o
 .group         0x0000000000000000        0xc ./Src/syscalls.o
 .group         0x0000000000000000        0xc ./Src/syscalls.o
 .group         0x0000000000000000        0xc ./Src/syscalls.o
 .group         0x0000000000000000        0xc ./Src/syscalls.o
 .group         0x0000000000000000        0xc ./Src/syscalls.o
 .group         0x0000000000000000        0xc ./Src/syscalls.o
 .group         0x0000000000000000        0xc ./Src/syscalls.o
 .group         0x0000000000000000        0xc ./Src/syscalls.o
 .group         0x0000000000000000        0xc ./Src/syscalls.o
 .group         0x0000000000000000        0xc ./Src/syscalls.o
 .group         0x0000000000000000        0xc ./Src/syscalls.o
 .group         0x0000000000000000        0xc ./Src/syscalls.o
 .group         0x0000000000000000        0xc ./Src/syscalls.o
 .group         0x0000000000000000        0xc ./Src/syscalls.o
 .group         0x0000000000000000        0xc ./Src/syscalls.o
 .group         0x0000000000000000        0xc ./Src/syscalls.o
 .group         0x0000000000000000        0xc ./Src/syscalls.o
 .group         0x0000000000000000        0xc ./Src/syscalls.o
 .group         0x0000000000000000        0xc ./Src/syscalls.o
 .group         0x0000000000000000        0xc ./Src/syscalls.o
 .group         0x0000000000000000        0xc ./Src/syscalls.o
 .text          0x0000000000000000        0x0 ./Src/syscalls.o
 .data          0x0000000000000000        0x0 ./Src/syscalls.o
 .bss           0x0000000000000000        0x0 ./Src/syscalls.o
 .bss.__env     0x0000000000000000        0x4 ./Src/syscalls.o
 .data.environ  0x0000000000000000        0x4 ./Src/syscalls.o
 .text.initialise_monitor_handles
                0x0000000000000000        0xe ./Src/syscalls.o
 .text._getpid  0x0000000000000000       0x10 ./Src/syscalls.o
 .text._kill    0x0000000000000000       0x20 ./Src/syscalls.o
 .text._exit    0x0000000000000000       0x14 ./Src/syscalls.o
 .text._read    0x0000000000000000       0x3a ./Src/syscalls.o
 .text._write   0x0000000000000000       0x38 ./Src/syscalls.o
 .text._close   0x0000000000000000       0x18 ./Src/syscalls.o
 .text._fstat   0x0000000000000000       0x20 ./Src/syscalls.o
 .text._isatty  0x0000000000000000       0x16 ./Src/syscalls.o
 .text._lseek   0x0000000000000000       0x1a ./Src/syscalls.o
 .text._open    0x0000000000000000       0x1c ./Src/syscalls.o
 .text._wait    0x0000000000000000       0x1e ./Src/syscalls.o
 .text._unlink  0x0000000000000000       0x1e ./Src/syscalls.o
 .text._times   0x0000000000000000       0x18 ./Src/syscalls.o
 .text._stat    0x0000000000000000       0x20 ./Src/syscalls.o
 .text._link    0x0000000000000000       0x20 ./Src/syscalls.o
 .text._fork    0x0000000000000000       0x16 ./Src/syscalls.o
 .text._execve  0x0000000000000000       0x22 ./Src/syscalls.o
 .debug_info    0x0000000000000000      0x6e0 ./Src/syscalls.o
 .debug_abbrev  0x0000000000000000      0x1b3 ./Src/syscalls.o
 .debug_aranges
                0x0000000000000000       0xa8 ./Src/syscalls.o
 .debug_ranges  0x0000000000000000       0x98 ./Src/syscalls.o
 .debug_macro   0x0000000000000000      0x24c ./Src/syscalls.o
 .debug_macro   0x0000000000000000      0xa84 ./Src/syscalls.o
 .debug_macro   0x0000000000000000       0x22 ./Src/syscalls.o
 .debug_macro   0x0000000000000000       0x4c ./Src/syscalls.o
 .debug_macro   0x0000000000000000       0x1e ./Src/syscalls.o
 .debug_macro   0x0000000000000000       0x94 ./Src/syscalls.o
 .debug_macro   0x0000000000000000       0x3c ./Src/syscalls.o
 .debug_macro   0x0000000000000000       0x34 ./Src/syscalls.o
 .debug_macro   0x0000000000000000       0x57 ./Src/syscalls.o
 .debug_macro   0x0000000000000000      0x174 ./Src/syscalls.o
 .debug_macro   0x0000000000000000      0x341 ./Src/syscalls.o
 .debug_macro   0x0000000000000000       0x16 ./Src/syscalls.o
 .debug_macro   0x0000000000000000       0x43 ./Src/syscalls.o
 .debug_macro   0x0000000000000000       0x34 ./Src/syscalls.o
 .debug_macro   0x0000000000000000       0x10 ./Src/syscalls.o
 .debug_macro   0x0000000000000000       0x58 ./Src/syscalls.o
 .debug_macro   0x0000000000000000       0x71 ./Src/syscalls.o
 .debug_macro   0x0000000000000000       0x1c ./Src/syscalls.o
 .debug_macro   0x0000000000000000      0x12a ./Src/syscalls.o
 .debug_macro   0x0000000000000000       0x10 ./Src/syscalls.o
 .debug_macro   0x0000000000000000       0x35 ./Src/syscalls.o
 .debug_macro   0x0000000000000000       0x10 ./Src/syscalls.o
 .debug_macro   0x0000000000000000       0x10 ./Src/syscalls.o
 .debug_macro   0x0000000000000000       0x10 ./Src/syscalls.o
 .debug_macro   0x0000000000000000       0x6a ./Src/syscalls.o
 .debug_macro   0x0000000000000000       0x1c ./Src/syscalls.o
 .debug_macro   0x0000000000000000       0x52 ./Src/syscalls.o
 .debug_macro   0x0000000000000000       0x22 ./Src/syscalls.o
 .debug_macro   0x0000000000000000       0x10 ./Src/syscalls.o
 .debug_macro   0x0000000000000000       0x52 ./Src/syscalls.o
 .debug_macro   0x0000000000000000       0xd5 ./Src/syscalls.o
 .debug_macro   0x0000000000000000       0x1c ./Src/syscalls.o
 .debug_macro   0x0000000000000000       0x3d ./Src/syscalls.o
 .debug_macro   0x0000000000000000       0x35 ./Src/syscalls.o
 .debug_macro   0x0000000000000000      0x12c ./Src/syscalls.o
 .debug_macro   0x0000000000000000       0x16 ./Src/syscalls.o
 .debug_macro   0x0000000000000000       0x16 ./Src/syscalls.o
 .debug_macro   0x0000000000000000       0x29 ./Src/syscalls.o
 .debug_macro   0x0000000000000000       0x10 ./Src/syscalls.o
 .debug_macro   0x0000000000000000      0x241 ./Src/syscalls.o
 .debug_macro   0x0000000000000000       0x1c ./Src/syscalls.o
 .debug_macro   0x0000000000000000       0x10 ./Src/syscalls.o
 .debug_macro   0x0000000000000000       0x10 ./Src/syscalls.o
 .debug_macro   0x0000000000000000       0x16 ./Src/syscalls.o
 .debug_macro   0x0000000000000000      0x145 ./Src/syscalls.o
 .debug_macro   0x0000000000000000      0x189 ./Src/syscalls.o
 .debug_macro   0x0000000000000000       0x16 ./Src/syscalls.o
 .debug_macro   0x0000000000000000       0xce ./Src/syscalls.o
 .debug_line    0x0000000000000000      0x7f9 ./Src/syscalls.o
 .debug_str     0x0000000000000000     0x8a88 ./Src/syscalls.o
 .comment       0x0000000000000000       0x51 ./Src/syscalls.o
 .debug_frame   0x0000000000000000      0x2ac ./Src/syscalls.o
 .ARM.attributes
                0x0000000000000000       0x34 ./Src/syscalls.o
 .group         0x0000000000000000        0xc ./Src/sysmem.o
 .group         0x0000000000000000        0xc ./Src/sysmem.o
 .group         0x0000000000000000        0xc ./Src/sysmem.o
 .group         0x0000000000000000        0xc ./Src/sysmem.o
 .group         0x0000000000000000        0xc ./Src/sysmem.o
 .group         0x0000000000000000        0xc ./Src/sysmem.o
 .group         0x0000000000000000        0xc ./Src/sysmem.o
 .group         0x0000000000000000        0xc ./Src/sysmem.o
 .group         0x0000000000000000        0xc ./Src/sysmem.o
 .group         0x0000000000000000        0xc ./Src/sysmem.o
 .group         0x0000000000000000        0xc ./Src/sysmem.o
 .group         0x0000000000000000        0xc ./Src/sysmem.o
 .group         0x0000000000000000        0xc ./Src/sysmem.o
 .group         0x0000000000000000        0xc ./Src/sysmem.o
 .group         0x0000000000000000        0xc ./Src/sysmem.o
 .group         0x0000000000000000        0xc ./Src/sysmem.o
 .group         0x0000000000000000        0xc ./Src/sysmem.o
 .group         0x0000000000000000        0xc ./Src/sysmem.o
 .group         0x0000000000000000        0xc ./Src/sysmem.o
 .group         0x0000000000000000        0xc ./Src/sysmem.o
 .group         0x0000000000000000        0xc ./Src/sysmem.o
 .group         0x0000000000000000        0xc ./Src/sysmem.o
 .text          0x0000000000000000        0x0 ./Src/sysmem.o
 .data          0x0000000000000000        0x0 ./Src/sysmem.o
 .bss           0x0000000000000000        0x0 ./Src/sysmem.o
 .bss.__sbrk_heap_end
                0x0000000000000000        0x4 ./Src/sysmem.o
 .text._sbrk    0x0000000000000000       0x6c ./Src/sysmem.o
 .debug_info    0x0000000000000000      0x171 ./Src/sysmem.o
 .debug_abbrev  0x0000000000000000       0xbb ./Src/sysmem.o
 .debug_aranges
                0x0000000000000000       0x20 ./Src/sysmem.o
 .debug_ranges  0x0000000000000000       0x10 ./Src/sysmem.o
 .debug_macro   0x0000000000000000       0xff ./Src/sysmem.o
 .debug_macro   0x0000000000000000      0xa84 ./Src/sysmem.o
 .debug_macro   0x0000000000000000       0x10 ./Src/sysmem.o
 .debug_macro   0x0000000000000000       0x22 ./Src/sysmem.o
 .debug_macro   0x0000000000000000       0x4c ./Src/sysmem.o
 .debug_macro   0x0000000000000000       0x1e ./Src/sysmem.o
 .debug_macro   0x0000000000000000       0x94 ./Src/sysmem.o
 .debug_macro   0x0000000000000000       0x3c ./Src/sysmem.o
 .debug_macro   0x0000000000000000       0x34 ./Src/sysmem.o
 .debug_macro   0x0000000000000000      0x174 ./Src/sysmem.o
 .debug_macro   0x0000000000000000       0x16 ./Src/sysmem.o
 .debug_macro   0x0000000000000000       0x43 ./Src/sysmem.o
 .debug_macro   0x0000000000000000       0x57 ./Src/sysmem.o
 .debug_macro   0x0000000000000000       0x34 ./Src/sysmem.o
 .debug_macro   0x0000000000000000       0x10 ./Src/sysmem.o
 .debug_macro   0x0000000000000000       0x58 ./Src/sysmem.o
 .debug_macro   0x0000000000000000       0x71 ./Src/sysmem.o
 .debug_macro   0x0000000000000000       0x1c ./Src/sysmem.o
 .debug_macro   0x0000000000000000      0x12a ./Src/sysmem.o
 .debug_macro   0x0000000000000000      0x23b ./Src/sysmem.o
 .debug_macro   0x0000000000000000      0x103 ./Src/sysmem.o
 .debug_macro   0x0000000000000000       0x6a ./Src/sysmem.o
 .debug_macro   0x0000000000000000      0x1df ./Src/sysmem.o
 .debug_line    0x0000000000000000      0x4ef ./Src/sysmem.o
 .debug_str     0x0000000000000000     0x5dc4 ./Src/sysmem.o
 .comment       0x0000000000000000       0x51 ./Src/sysmem.o
 .debug_frame   0x0000000000000000       0x34 ./Src/sysmem.o
 .ARM.attributes
                0x0000000000000000       0x34 ./Src/sysmem.o
 .text          0x0000000000000000       0x14 ./Startup/startup_stm32f401retx.o
 .data          0x0000000000000000        0x0 ./Startup/startup_stm32f401retx.o
 .bss           0x0000000000000000        0x0 ./Startup/startup_stm32f401retx.o
 .group         0x0000000000000000        0xc ./drivers/Src/smt32f401xx_i2c_driver.o
 .group         0x0000000000000000        0xc ./drivers/Src/smt32f401xx_i2c_driver.o
 .group         0x0000000000000000        0xc ./drivers/Src/smt32f401xx_i2c_driver.o
 .group         0x0000000000000000        0xc ./drivers/Src/smt32f401xx_i2c_driver.o
 .group         0x0000000000000000        0xc ./drivers/Src/smt32f401xx_i2c_driver.o
 .group         0x0000000000000000        0xc ./drivers/Src/smt32f401xx_i2c_driver.o
 .group         0x0000000000000000        0xc ./drivers/Src/smt32f401xx_i2c_driver.o
 .group         0x0000000000000000        0xc ./drivers/Src/smt32f401xx_i2c_driver.o
 .group         0x0000000000000000        0xc ./drivers/Src/smt32f401xx_i2c_driver.o
 .group         0x0000000000000000        0xc ./drivers/Src/smt32f401xx_i2c_driver.o
 .text          0x0000000000000000        0x0 ./drivers/Src/smt32f401xx_i2c_driver.o
 .data          0x0000000000000000        0x0 ./drivers/Src/smt32f401xx_i2c_driver.o
 .bss           0x0000000000000000        0x0 ./drivers/Src/smt32f401xx_i2c_driver.o
 .text.I2C_IRQIneruptConfig
                0x0000000000000000      0x10c ./drivers/Src/smt32f401xx_i2c_driver.o
 .text.I2C_IRQPriorityConfig
                0x0000000000000000       0x5c ./drivers/Src/smt32f401xx_i2c_driver.o
 .text.I2C_MasterSendDataIT
                0x0000000000000000       0x86 ./drivers/Src/smt32f401xx_i2c_driver.o
 .text.I2C_MasterReceiveDataIT
                0x0000000000000000       0x8c ./drivers/Src/smt32f401xx_i2c_driver.o
 .text.I2C_MasterHandleTXEInterupt
                0x0000000000000000       0x3a ./drivers/Src/smt32f401xx_i2c_driver.o
 .text.I2C_MasterHandleRXNEInterupt
                0x0000000000000000       0x8e ./drivers/Src/smt32f401xx_i2c_driver.o
 .text.I2C_EV_IRQHandling
                0x0000000000000000      0x186 ./drivers/Src/smt32f401xx_i2c_driver.o
 .text.I2CCloseSendData
                0x0000000000000000       0x46 ./drivers/Src/smt32f401xx_i2c_driver.o
 .text.I2CCloseReceiveData
                0x0000000000000000       0x5c ./drivers/Src/smt32f401xx_i2c_driver.o
 .text.I2C_ER_IRQHandling
                0x0000000000000000       0x7c ./drivers/Src/smt32f401xx_i2c_driver.o
 .debug_macro   0x0000000000000000      0xa84 ./drivers/Src/smt32f401xx_i2c_driver.o
 .debug_macro   0x0000000000000000       0x22 ./drivers/Src/smt32f401xx_i2c_driver.o
 .debug_macro   0x0000000000000000       0x8e ./drivers/Src/smt32f401xx_i2c_driver.o
 .debug_macro   0x0000000000000000       0x51 ./drivers/Src/smt32f401xx_i2c_driver.o
 .debug_macro   0x0000000000000000      0x103 ./drivers/Src/smt32f401xx_i2c_driver.o
 .debug_macro   0x0000000000000000       0x6a ./drivers/Src/smt32f401xx_i2c_driver.o
 .debug_macro   0x0000000000000000      0x1df ./drivers/Src/smt32f401xx_i2c_driver.o
 .debug_macro   0x0000000000000000      0x174 ./drivers/Src/smt32f401xx_i2c_driver.o
 .debug_macro   0x0000000000000000      0x53e ./drivers/Src/smt32f401xx_i2c_driver.o
 .debug_macro   0x0000000000000000       0xc4 ./drivers/Src/smt32f401xx_i2c_driver.o
 .group         0x0000000000000000        0xc ./drivers/Src/stm32f401xx_gpio_drivers.o
 .group         0x0000000000000000        0xc ./drivers/Src/stm32f401xx_gpio_drivers.o
 .group         0x0000000000000000        0xc ./drivers/Src/stm32f401xx_gpio_drivers.o
 .group         0x0000000000000000        0xc ./drivers/Src/stm32f401xx_gpio_drivers.o
 .group         0x0000000000000000        0xc ./drivers/Src/stm32f401xx_gpio_drivers.o
 .group         0x0000000000000000        0xc ./drivers/Src/stm32f401xx_gpio_drivers.o
 .group         0x0000000000000000        0xc ./drivers/Src/stm32f401xx_gpio_drivers.o
 .group         0x0000000000000000        0xc ./drivers/Src/stm32f401xx_gpio_drivers.o
 .group         0x0000000000000000        0xc ./drivers/Src/stm32f401xx_gpio_drivers.o
 .group         0x0000000000000000        0xc ./drivers/Src/stm32f401xx_gpio_drivers.o
 .text          0x0000000000000000        0x0 ./drivers/Src/stm32f401xx_gpio_drivers.o
 .data          0x0000000000000000        0x0 ./drivers/Src/stm32f401xx_gpio_drivers.o
 .bss           0x0000000000000000        0x0 ./drivers/Src/stm32f401xx_gpio_drivers.o
 .text.GPIO_DeInit
                0x0000000000000000       0xfc ./drivers/Src/stm32f401xx_gpio_drivers.o
 .text.GPIO_ReadFromInputPort
                0x0000000000000000       0x1c ./drivers/Src/stm32f401xx_gpio_drivers.o
 .text.GPIO_WriteToOutputPin
                0x0000000000000000       0x4a ./drivers/Src/stm32f401xx_gpio_drivers.o
 .text.GPIO_WriteToOutputPort
                0x0000000000000000       0x1e ./drivers/Src/stm32f401xx_gpio_drivers.o
 .text.GPIO_ToggleOutputPin
                0x0000000000000000       0x2a ./drivers/Src/stm32f401xx_gpio_drivers.o
 .text.GPIO_IRQIneruptConfig
                0x0000000000000000      0x10c ./drivers/Src/stm32f401xx_gpio_drivers.o
 .text.GPIO_IRQPriorityConfig
                0x0000000000000000       0x5c ./drivers/Src/stm32f401xx_gpio_drivers.o
 .text.GPIO_IRQHandling
                0x0000000000000000       0x40 ./drivers/Src/stm32f401xx_gpio_drivers.o
 .debug_macro   0x0000000000000000      0xa84 ./drivers/Src/stm32f401xx_gpio_drivers.o
 .debug_macro   0x0000000000000000       0x22 ./drivers/Src/stm32f401xx_gpio_drivers.o
 .debug_macro   0x0000000000000000       0x8e ./drivers/Src/stm32f401xx_gpio_drivers.o
 .debug_macro   0x0000000000000000       0x51 ./drivers/Src/stm32f401xx_gpio_drivers.o
 .debug_macro   0x0000000000000000      0x103 ./drivers/Src/stm32f401xx_gpio_drivers.o
 .debug_macro   0x0000000000000000       0x6a ./drivers/Src/stm32f401xx_gpio_drivers.o
 .debug_macro   0x0000000000000000      0x1df ./drivers/Src/stm32f401xx_gpio_drivers.o
 .debug_macro   0x0000000000000000      0x174 ./drivers/Src/stm32f401xx_gpio_drivers.o
 .debug_macro   0x0000000000000000      0x53e ./drivers/Src/stm32f401xx_gpio_drivers.o
 .group         0x0000000000000000        0xc ./drivers/Src/stm32f401xx_spi_driver.o
 .group         0x0000000000000000        0xc ./drivers/Src/stm32f401xx_spi_driver.o
 .group         0x0000000000000000        0xc ./drivers/Src/stm32f401xx_spi_driver.o
 .group         0x0000000000000000        0xc ./drivers/Src/stm32f401xx_spi_driver.o
 .group         0x0000000000000000        0xc ./drivers/Src/stm32f401xx_spi_driver.o
 .group         0x0000000000000000        0xc ./drivers/Src/stm32f401xx_spi_driver.o
 .group         0x0000000000000000        0xc ./drivers/Src/stm32f401xx_spi_driver.o
 .group         0x0000000000000000        0xc ./drivers/Src/stm32f401xx_spi_driver.o
 .group         0x0000000000000000        0xc ./drivers/Src/stm32f401xx_spi_driver.o
 .group         0x0000000000000000        0xc ./drivers/Src/stm32f401xx_spi_driver.o
 .text          0x0000000000000000        0x0 ./drivers/Src/stm32f401xx_spi_driver.o
 .data          0x0000000000000000        0x0 ./drivers/Src/stm32f401xx_spi_driver.o
 .bss           0x0000000000000000        0x0 ./drivers/Src/stm32f401xx_spi_driver.o
 .text.SPI_PeriClockControl
                0x0000000000000000       0xb0 ./drivers/Src/stm32f401xx_spi_driver.o
 .text.SPI_Init
                0x0000000000000000       0xa8 ./drivers/Src/stm32f401xx_spi_driver.o
 .text.SPI_GetFlagStatus
                0x0000000000000000       0x28 ./drivers/Src/stm32f401xx_spi_driver.o
 .text.SPI_SendData
                0x0000000000000000       0x6e ./drivers/Src/stm32f401xx_spi_driver.o
 .text.SPI_ReceiveData
                0x0000000000000000       0x6e ./drivers/Src/stm32f401xx_spi_driver.o
 .text.SPI_SendDataIT
                0x0000000000000000       0x48 ./drivers/Src/stm32f401xx_spi_driver.o
 .text.SPI_ReceiveDataIT
                0x0000000000000000       0x48 ./drivers/Src/stm32f401xx_spi_driver.o
 .text.SPI_PeripheralControl
                0x0000000000000000       0x38 ./drivers/Src/stm32f401xx_spi_driver.o
 .text.SPI_SSIConfig
                0x0000000000000000       0x38 ./drivers/Src/stm32f401xx_spi_driver.o
 .text.SPI_SSOEConfig
                0x0000000000000000       0x38 ./drivers/Src/stm32f401xx_spi_driver.o
 .text.SPI_IRQIneruptConfig
                0x0000000000000000      0x10c ./drivers/Src/stm32f401xx_spi_driver.o
 .text.SPI_IRQPriorityConfig
                0x0000000000000000       0x5c ./drivers/Src/stm32f401xx_spi_driver.o
 .text.SPI_IRQHandling
                0x0000000000000000       0x9a ./drivers/Src/stm32f401xx_spi_driver.o
 .text.spi_txe_interupt_handle
                0x0000000000000000       0x80 ./drivers/Src/stm32f401xx_spi_driver.o
 .text.spi_rxne_interupt_handle
                0x0000000000000000       0x7a ./drivers/Src/stm32f401xx_spi_driver.o
 .text.spi_ovr_err_interrupt_handle
                0x0000000000000000       0x30 ./drivers/Src/stm32f401xx_spi_driver.o
 .text.SPI_CloseTransmission
                0x0000000000000000       0x36 ./drivers/Src/stm32f401xx_spi_driver.o
 .text.SPI_CloseReception
                0x0000000000000000       0x36 ./drivers/Src/stm32f401xx_spi_driver.o
 .text.SPI_ClearOVRFlag
                0x0000000000000000       0x20 ./drivers/Src/stm32f401xx_spi_driver.o
 .text.SPI_ApplicationEventCallback
                0x0000000000000000       0x18 ./drivers/Src/stm32f401xx_spi_driver.o
 .debug_info    0x0000000000000000      0x8e4 ./drivers/Src/stm32f401xx_spi_driver.o
 .debug_abbrev  0x0000000000000000      0x1b9 ./drivers/Src/stm32f401xx_spi_driver.o
 .debug_aranges
                0x0000000000000000       0xb8 ./drivers/Src/stm32f401xx_spi_driver.o
 .debug_ranges  0x0000000000000000       0xa8 ./drivers/Src/stm32f401xx_spi_driver.o
 .debug_macro   0x0000000000000000       0x8a ./drivers/Src/stm32f401xx_spi_driver.o
 .debug_macro   0x0000000000000000      0xa84 ./drivers/Src/stm32f401xx_spi_driver.o
 .debug_macro   0x0000000000000000       0x22 ./drivers/Src/stm32f401xx_spi_driver.o
 .debug_macro   0x0000000000000000       0x8e ./drivers/Src/stm32f401xx_spi_driver.o
 .debug_macro   0x0000000000000000       0x51 ./drivers/Src/stm32f401xx_spi_driver.o
 .debug_macro   0x0000000000000000      0x103 ./drivers/Src/stm32f401xx_spi_driver.o
 .debug_macro   0x0000000000000000       0x6a ./drivers/Src/stm32f401xx_spi_driver.o
 .debug_macro   0x0000000000000000      0x1df ./drivers/Src/stm32f401xx_spi_driver.o
 .debug_macro   0x0000000000000000      0x174 ./drivers/Src/stm32f401xx_spi_driver.o
 .debug_macro   0x0000000000000000      0x53e ./drivers/Src/stm32f401xx_spi_driver.o
 .debug_macro   0x0000000000000000       0xe2 ./drivers/Src/stm32f401xx_spi_driver.o
 .debug_line    0x0000000000000000      0x914 ./drivers/Src/stm32f401xx_spi_driver.o
 .debug_str     0x0000000000000000     0x5e27 ./drivers/Src/stm32f401xx_spi_driver.o
 .comment       0x0000000000000000       0x51 ./drivers/Src/stm32f401xx_spi_driver.o
 .debug_frame   0x0000000000000000      0x314 ./drivers/Src/stm32f401xx_spi_driver.o
 .ARM.attributes
                0x0000000000000000       0x34 ./drivers/Src/stm32f401xx_spi_driver.o
 .text          0x0000000000000000        0x0 c:/st/stm32cubeide_1.11.0/stm32cubeide/plugins/com.st.stm32cube.ide.mcu.externaltools.gnu-tools-for-stm32.10.3-2021.10.win32_1.0.100.202210260954/tools/bin/../lib/gcc/arm-none-eabi/10.3.1/../../../../arm-none-eabi/lib/thumb/v7e-m+fp/hard\libc_nano.a(lib_a-errno.o)
 .data          0x0000000000000000        0x0 c:/st/stm32cubeide_1.11.0/stm32cubeide/plugins/com.st.stm32cube.ide.mcu.externaltools.gnu-tools-for-stm32.10.3-2021.10.win32_1.0.100.202210260954/tools/bin/../lib/gcc/arm-none-eabi/10.3.1/../../../../arm-none-eabi/lib/thumb/v7e-m+fp/hard\libc_nano.a(lib_a-errno.o)
 .bss           0x0000000000000000        0x0 c:/st/stm32cubeide_1.11.0/stm32cubeide/plugins/com.st.stm32cube.ide.mcu.externaltools.gnu-tools-for-stm32.10.3-2021.10.win32_1.0.100.202210260954/tools/bin/../lib/gcc/arm-none-eabi/10.3.1/../../../../arm-none-eabi/lib/thumb/v7e-m+fp/hard\libc_nano.a(lib_a-errno.o)
 .text.__errno  0x0000000000000000        0xc c:/st/stm32cubeide_1.11.0/stm32cubeide/plugins/com.st.stm32cube.ide.mcu.externaltools.gnu-tools-for-stm32.10.3-2021.10.win32_1.0.100.202210260954/tools/bin/../lib/gcc/arm-none-eabi/10.3.1/../../../../arm-none-eabi/lib/thumb/v7e-m+fp/hard\libc_nano.a(lib_a-errno.o)
 .debug_frame   0x0000000000000000       0x20 c:/st/stm32cubeide_1.11.0/stm32cubeide/plugins/com.st.stm32cube.ide.mcu.externaltools.gnu-tools-for-stm32.10.3-2021.10.win32_1.0.100.202210260954/tools/bin/../lib/gcc/arm-none-eabi/10.3.1/../../../../arm-none-eabi/lib/thumb/v7e-m+fp/hard\libc_nano.a(lib_a-errno.o)
 .ARM.attributes
                0x0000000000000000       0x34 c:/st/stm32cubeide_1.11.0/stm32cubeide/plugins/com.st.stm32cube.ide.mcu.externaltools.gnu-tools-for-stm32.10.3-2021.10.win32_1.0.100.202210260954/tools/bin/../lib/gcc/arm-none-eabi/10.3.1/../../../../arm-none-eabi/lib/thumb/v7e-m+fp/hard\libc_nano.a(lib_a-errno.o)
 .text          0x0000000000000000        0x0 c:/st/stm32cubeide_1.11.0/stm32cubeide/plugins/com.st.stm32cube.ide.mcu.externaltools.gnu-tools-for-stm32.10.3-2021.10.win32_1.0.100.202210260954/tools/bin/../lib/gcc/arm-none-eabi/10.3.1/../../../../arm-none-eabi/lib/thumb/v7e-m+fp/hard\libc_nano.a(lib_a-exit.o)
 .data          0x0000000000000000        0x0 c:/st/stm32cubeide_1.11.0/stm32cubeide/plugins/com.st.stm32cube.ide.mcu.externaltools.gnu-tools-for-stm32.10.3-2021.10.win32_1.0.100.202210260954/tools/bin/../lib/gcc/arm-none-eabi/10.3.1/../../../../arm-none-eabi/lib/thumb/v7e-m+fp/hard\libc_nano.a(lib_a-exit.o)
 .bss           0x0000000000000000        0x0 c:/st/stm32cubeide_1.11.0/stm32cubeide/plugins/com.st.stm32cube.ide.mcu.externaltools.gnu-tools-for-stm32.10.3-2021.10.win32_1.0.100.202210260954/tools/bin/../lib/gcc/arm-none-eabi/10.3.1/../../../../arm-none-eabi/lib/thumb/v7e-m+fp/hard\libc_nano.a(lib_a-exit.o)
 .text.exit     0x0000000000000000       0x28 c:/st/stm32cubeide_1.11.0/stm32cubeide/plugins/com.st.stm32cube.ide.mcu.externaltools.gnu-tools-for-stm32.10.3-2021.10.win32_1.0.100.202210260954/tools/bin/../lib/gcc/arm-none-eabi/10.3.1/../../../../arm-none-eabi/lib/thumb/v7e-m+fp/hard\libc_nano.a(lib_a-exit.o)
 .debug_frame   0x0000000000000000       0x28 c:/st/stm32cubeide_1.11.0/stm32cubeide/plugins/com.st.stm32cube.ide.mcu.externaltools.gnu-tools-for-stm32.10.3-2021.10.win32_1.0.100.202210260954/tools/bin/../lib/gcc/arm-none-eabi/10.3.1/../../../../arm-none-eabi/lib/thumb/v7e-m+fp/hard\libc_nano.a(lib_a-exit.o)
 .ARM.attributes
                0x0000000000000000       0x34 c:/st/stm32cubeide_1.11.0/stm32cubeide/plugins/com.st.stm32cube.ide.mcu.externaltools.gnu-tools-for-stm32.10.3-2021.10.win32_1.0.100.202210260954/tools/bin/../lib/gcc/arm-none-eabi/10.3.1/../../../../arm-none-eabi/lib/thumb/v7e-m+fp/hard\libc_nano.a(lib_a-exit.o)
 .text          0x0000000000000000        0x0 c:/st/stm32cubeide_1.11.0/stm32cubeide/plugins/com.st.stm32cube.ide.mcu.externaltools.gnu-tools-for-stm32.10.3-2021.10.win32_1.0.100.202210260954/tools/bin/../lib/gcc/arm-none-eabi/10.3.1/../../../../arm-none-eabi/lib/thumb/v7e-m+fp/hard\libc_nano.a(lib_a-impure.o)
 .data          0x0000000000000000        0x0 c:/st/stm32cubeide_1.11.0/stm32cubeide/plugins/com.st.stm32cube.ide.mcu.externaltools.gnu-tools-for-stm32.10.3-2021.10.win32_1.0.100.202210260954/tools/bin/../lib/gcc/arm-none-eabi/10.3.1/../../../../arm-none-eabi/lib/thumb/v7e-m+fp/hard\libc_nano.a(lib_a-impure.o)
 .bss           0x0000000000000000        0x0 c:/st/stm32cubeide_1.11.0/stm32cubeide/plugins/com.st.stm32cube.ide.mcu.externaltools.gnu-tools-for-stm32.10.3-2021.10.win32_1.0.100.202210260954/tools/bin/../lib/gcc/arm-none-eabi/10.3.1/../../../../arm-none-eabi/lib/thumb/v7e-m+fp/hard\libc_nano.a(lib_a-impure.o)
 .data._impure_ptr
                0x0000000000000000        0x4 c:/st/stm32cubeide_1.11.0/stm32cubeide/plugins/com.st.stm32cube.ide.mcu.externaltools.gnu-tools-for-stm32.10.3-2021.10.win32_1.0.100.202210260954/tools/bin/../lib/gcc/arm-none-eabi/10.3.1/../../../../arm-none-eabi/lib/thumb/v7e-m+fp/hard\libc_nano.a(lib_a-impure.o)
 .data.impure_data
                0x0000000000000000       0x60 c:/st/stm32cubeide_1.11.0/stm32cubeide/plugins/com.st.stm32cube.ide.mcu.externaltools.gnu-tools-for-stm32.10.3-2021.10.win32_1.0.100.202210260954/tools/bin/../lib/gcc/arm-none-eabi/10.3.1/../../../../arm-none-eabi/lib/thumb/v7e-m+fp/hard\libc_nano.a(lib_a-impure.o)
 .rodata._global_impure_ptr
                0x0000000000000000        0x4 c:/st/stm32cubeide_1.11.0/stm32cubeide/plugins/com.st.stm32cube.ide.mcu.externaltools.gnu-tools-for-stm32.10.3-2021.10.win32_1.0.100.202210260954/tools/bin/../lib/gcc/arm-none-eabi/10.3.1/../../../../arm-none-eabi/lib/thumb/v7e-m+fp/hard\libc_nano.a(lib_a-impure.o)
 .ARM.attributes
                0x0000000000000000       0x34 c:/st/stm32cubeide_1.11.0/stm32cubeide/plugins/com.st.stm32cube.ide.mcu.externaltools.gnu-tools-for-stm32.10.3-2021.10.win32_1.0.100.202210260954/tools/bin/../lib/gcc/arm-none-eabi/10.3.1/../../../../arm-none-eabi/lib/thumb/v7e-m+fp/hard\libc_nano.a(lib_a-impure.o)
 .text          0x0000000000000000        0x0 c:/st/stm32cubeide_1.11.0/stm32cubeide/plugins/com.st.stm32cube.ide.mcu.externaltools.gnu-tools-for-stm32.10.3-2021.10.win32_1.0.100.202210260954/tools/bin/../lib/gcc/arm-none-eabi/10.3.1/../../../../arm-none-eabi/lib/thumb/v7e-m+fp/hard\libc_nano.a(lib_a-init.o)
 .data          0x0000000000000000        0x0 c:/st/stm32cubeide_1.11.0/stm32cubeide/plugins/com.st.stm32cube.ide.mcu.externaltools.gnu-tools-for-stm32.10.3-2021.10.win32_1.0.100.202210260954/tools/bin/../lib/gcc/arm-none-eabi/10.3.1/../../../../arm-none-eabi/lib/thumb/v7e-m+fp/hard\libc_nano.a(lib_a-init.o)
 .bss           0x0000000000000000        0x0 c:/st/stm32cubeide_1.11.0/stm32cubeide/plugins/com.st.stm32cube.ide.mcu.externaltools.gnu-tools-for-stm32.10.3-2021.10.win32_1.0.100.202210260954/tools/bin/../lib/gcc/arm-none-eabi/10.3.1/../../../../arm-none-eabi/lib/thumb/v7e-m+fp/hard\libc_nano.a(lib_a-init.o)
 .text          0x0000000000000000        0x0 c:/st/stm32cubeide_1.11.0/stm32cubeide/plugins/com.st.stm32cube.ide.mcu.externaltools.gnu-tools-for-stm32.10.3-2021.10.win32_1.0.100.202210260954/tools/bin/../lib/gcc/arm-none-eabi/10.3.1/../../../../arm-none-eabi/lib/thumb/v7e-m+fp/hard\libc_nano.a(lib_a-memset.o)
 .data          0x0000000000000000        0x0 c:/st/stm32cubeide_1.11.0/stm32cubeide/plugins/com.st.stm32cube.ide.mcu.externaltools.gnu-tools-for-stm32.10.3-2021.10.win32_1.0.100.202210260954/tools/bin/../lib/gcc/arm-none-eabi/10.3.1/../../../../arm-none-eabi/lib/thumb/v7e-m+fp/hard\libc_nano.a(lib_a-memset.o)
 .bss           0x0000000000000000        0x0 c:/st/stm32cubeide_1.11.0/stm32cubeide/plugins/com.st.stm32cube.ide.mcu.externaltools.gnu-tools-for-stm32.10.3-2021.10.win32_1.0.100.202210260954/tools/bin/../lib/gcc/arm-none-eabi/10.3.1/../../../../arm-none-eabi/lib/thumb/v7e-m+fp/hard\libc_nano.a(lib_a-memset.o)
 .text.memset   0x0000000000000000       0x10 c:/st/stm32cubeide_1.11.0/stm32cubeide/plugins/com.st.stm32cube.ide.mcu.externaltools.gnu-tools-for-stm32.10.3-2021.10.win32_1.0.100.202210260954/tools/bin/../lib/gcc/arm-none-eabi/10.3.1/../../../../arm-none-eabi/lib/thumb/v7e-m+fp/hard\libc_nano.a(lib_a-memset.o)
 .debug_frame   0x0000000000000000       0x20 c:/st/stm32cubeide_1.11.0/stm32cubeide/plugins/com.st.stm32cube.ide.mcu.externaltools.gnu-tools-for-stm32.10.3-2021.10.win32_1.0.100.202210260954/tools/bin/../lib/gcc/arm-none-eabi/10.3.1/../../../../arm-none-eabi/lib/thumb/v7e-m+fp/hard\libc_nano.a(lib_a-memset.o)
 .ARM.attributes
                0x0000000000000000       0x34 c:/st/stm32cubeide_1.11.0/stm32cubeide/plugins/com.st.stm32cube.ide.mcu.externaltools.gnu-tools-for-stm32.10.3-2021.10.win32_1.0.100.202210260954/tools/bin/../lib/gcc/arm-none-eabi/10.3.1/../../../../arm-none-eabi/lib/thumb/v7e-m+fp/hard\libc_nano.a(lib_a-memset.o)
 .text          0x0000000000000000        0x0 c:/st/stm32cubeide_1.11.0/stm32cubeide/plugins/com.st.stm32cube.ide.mcu.externaltools.gnu-tools-for-stm32.10.3-2021.10.win32_1.0.100.202210260954/tools/bin/../lib/gcc/arm-none-eabi/10.3.1/thumb/v7e-m+fp/hard/crtend.o
 .data          0x0000000000000000        0x0 c:/st/stm32cubeide_1.11.0/stm32cubeide/plugins/com.st.stm32cube.ide.mcu.externaltools.gnu-tools-for-stm32.10.3-2021.10.win32_1.0.100.202210260954/tools/bin/../lib/gcc/arm-none-eabi/10.3.1/thumb/v7e-m+fp/hard/crtend.o
 .bss           0x0000000000000000        0x0 c:/st/stm32cubeide_1.11.0/stm32cubeide/plugins/com.st.stm32cube.ide.mcu.externaltools.gnu-tools-for-stm32.10.3-2021.10.win32_1.0.100.202210260954/tools/bin/../lib/gcc/arm-none-eabi/10.3.1/thumb/v7e-m+fp/hard/crtend.o
 .rodata        0x0000000000000000       0x24 c:/st/stm32cubeide_1.11.0/stm32cubeide/plugins/com.st.stm32cube.ide.mcu.externaltools.gnu-tools-for-stm32.10.3-2021.10.win32_1.0.100.202210260954/tools/bin/../lib/gcc/arm-none-eabi/10.3.1/thumb/v7e-m+fp/hard/crtend.o
 .eh_frame      0x0000000000000000        0x4 c:/st/stm32cubeide_1.11.0/stm32cubeide/plugins/com.st.stm32cube.ide.mcu.externaltools.gnu-tools-for-stm32.10.3-2021.10.win32_1.0.100.202210260954/tools/bin/../lib/gcc/arm-none-eabi/10.3.1/thumb/v7e-m+fp/hard/crtend.o
 .ARM.attributes
                0x0000000000000000       0x34 c:/st/stm32cubeide_1.11.0/stm32cubeide/plugins/com.st.stm32cube.ide.mcu.externaltools.gnu-tools-for-stm32.10.3-2021.10.win32_1.0.100.202210260954/tools/bin/../lib/gcc/arm-none-eabi/10.3.1/thumb/v7e-m+fp/hard/crtend.o
 .text          0x0000000000000000        0x0 c:/st/stm32cubeide_1.11.0/stm32cubeide/plugins/com.st.stm32cube.ide.mcu.externaltools.gnu-tools-for-stm32.10.3-2021.10.win32_1.0.100.202210260954/tools/bin/../lib/gcc/arm-none-eabi/10.3.1/thumb/v7e-m+fp/hard/crtn.o
 .data          0x0000000000000000        0x0 c:/st/stm32cubeide_1.11.0/stm32cubeide/plugins/com.st.stm32cube.ide.mcu.externaltools.gnu-tools-for-stm32.10.3-2021.10.win32_1.0.100.202210260954/tools/bin/../lib/gcc/arm-none-eabi/10.3.1/thumb/v7e-m+fp/hard/crtn.o
 .bss           0x0000000000000000        0x0 c:/st/stm32cubeide_1.11.0/stm32cubeide/plugins/com.st.stm32cube.ide.mcu.externaltools.gnu-tools-for-stm32.10.3-2021.10.win32_1.0.100.202210260954/tools/bin/../lib/gcc/arm-none-eabi/10.3.1/thumb/v7e-m+fp/hard/crtn.o

Memory Configuration

Name             Origin             Length             Attributes
RAM              0x0000000020000000 0x0000000000018000 xrw
FLASH            0x0000000008000000 0x0000000000080000 xr
*default*        0x0000000000000000 0xffffffffffffffff

Linker script and memory map

LOAD c:/st/stm32cubeide_1.11.0/stm32cubeide/plugins/com.st.stm32cube.ide.mcu.externaltools.gnu-tools-for-stm32.10.3-2021.10.win32_1.0.100.202210260954/tools/bin/../lib/gcc/arm-none-eabi/10.3.1/thumb/v7e-m+fp/hard/crti.o
LOAD c:/st/stm32cubeide_1.11.0/stm32cubeide/plugins/com.st.stm32cube.ide.mcu.externaltools.gnu-tools-for-stm32.10.3-2021.10.win32_1.0.100.202210260954/tools/bin/../lib/gcc/arm-none-eabi/10.3.1/thumb/v7e-m+fp/hard/crtbegin.o
LOAD c:/st/stm32cubeide_1.11.0/stm32cubeide/plugins/com.st.stm32cube.ide.mcu.externaltools.gnu-tools-for-stm32.10.3-2021.10.win32_1.0.100.202210260954/tools/bin/../lib/gcc/arm-none-eabi/10.3.1/../../../../arm-none-eabi/lib/thumb/v7e-m+fp/hard/crt0.o
LOAD ./Src/011i2c_master_receive.o
LOAD ./Src/syscalls.o
LOAD ./Src/sysmem.o
LOAD ./Startup/startup_stm32f401retx.o
LOAD ./drivers/Src/smt32f401xx_i2c_driver.o
LOAD ./drivers/Src/stm32f401xx_gpio_drivers.o
LOAD ./drivers/Src/stm32f401xx_spi_driver.o
START GROUP
LOAD c:/st/stm32cubeide_1.11.0/stm32cubeide/plugins/com.st.stm32cube.ide.mcu.externaltools.gnu-tools-for-stm32.10.3-2021.10.win32_1.0.100.202210260954/tools/bin/../lib/gcc/arm-none-eabi/10.3.1/../../../../arm-none-eabi/lib/thumb/v7e-m+fp/hard\libc_nano.a
LOAD c:/st/stm32cubeide_1.11.0/stm32cubeide/plugins/com.st.stm32cube.ide.mcu.externaltools.gnu-tools-for-stm32.10.3-2021.10.win32_1.0.100.202210260954/tools/bin/../lib/gcc/arm-none-eabi/10.3.1/../../../../arm-none-eabi/lib/thumb/v7e-m+fp/hard\libm.a
END GROUP
START GROUP
LOAD c:/st/stm32cubeide_1.11.0/stm32cubeide/plugins/com.st.stm32cube.ide.mcu.externaltools.gnu-tools-for-stm32.10.3-2021.10.win32_1.0.100.202210260954/tools/bin/../lib/gcc/arm-none-eabi/10.3.1/thumb/v7e-m+fp/hard\libgcc.a
LOAD c:/st/stm32cubeide_1.11.0/stm32cubeide/plugins/com.st.stm32cube.ide.mcu.externaltools.gnu-tools-for-stm32.10.3-2021.10.win32_1.0.100.202210260954/tools/bin/../lib/gcc/arm-none-eabi/10.3.1/../../../../arm-none-eabi/lib/thumb/v7e-m+fp/hard\libc_nano.a
END GROUP
START GROUP
LOAD c:/st/stm32cubeide_1.11.0/stm32cubeide/plugins/com.st.stm32cube.ide.mcu.externaltools.gnu-tools-for-stm32.10.3-2021.10.win32_1.0.100.202210260954/tools/bin/../lib/gcc/arm-none-eabi/10.3.1/thumb/v7e-m+fp/hard\libgcc.a
LOAD c:/st/stm32cubeide_1.11.0/stm32cubeide/plugins/com.st.stm32cube.ide.mcu.externaltools.gnu-tools-for-stm32.10.3-2021.10.win32_1.0.100.202210260954/tools/bin/../lib/gcc/arm-none-eabi/10.3.1/../../../../arm-none-eabi/lib/thumb/v7e-m+fp/hard\libc_nano.a
LOAD c:/st/stm32cubeide_1.11.0/stm32cubeide/plugins/com.st.stm32cube.ide.mcu.externaltools.gnu-tools-for-stm32.10.3-2021.10.win32_1.0.100.202210260954/tools/bin/../lib/gcc/arm-none-eabi/10.3.1/../../../../arm-none-eabi/lib/thumb/v7e-m+fp/hard\libnosys.a
END GROUP
START GROUP
LOAD c:/st/stm32cubeide_1.11.0/stm32cubeide/plugins/com.st.stm32cube.ide.mcu.externaltools.gnu-tools-for-stm32.10.3-2021.10.win32_1.0.100.202210260954/tools/bin/../lib/gcc/arm-none-eabi/10.3.1/thumb/v7e-m+fp/hard\libgcc.a
LOAD c:/st/stm32cubeide_1.11.0/stm32cubeide/plugins/com.st.stm32cube.ide.mcu.externaltools.gnu-tools-for-stm32.10.3-2021.10.win32_1.0.100.202210260954/tools/bin/../lib/gcc/arm-none-eabi/10.3.1/../../../../arm-none-eabi/lib/thumb/v7e-m+fp/hard\libc_nano.a
LOAD c:/st/stm32cubeide_1.11.0/stm32cubeide/plugins/com.st.stm32cube.ide.mcu.externaltools.gnu-tools-for-stm32.10.3-2021.10.win32_1.0.100.202210260954/tools/bin/../lib/gcc/arm-none-eabi/10.3.1/../../../../arm-none-eabi/lib/thumb/v7e-m+fp/hard\libnosys.a
END GROUP
LOAD c:/st/stm32cubeide_1.11.0/stm32cubeide/plugins/com.st.stm32cube.ide.mcu.externaltools.gnu-tools-for-stm32.10.3-2021.10.win32_1.0.100.202210260954/tools/bin/../lib/gcc/arm-none-eabi/10.3.1/thumb/v7e-m+fp/hard/crtend.o
LOAD c:/st/stm32cubeide_1.11.0/stm32cubeide/plugins/com.st.stm32cube.ide.mcu.externaltools.gnu-tools-for-stm32.10.3-2021.10.win32_1.0.100.202210260954/tools/bin/../lib/gcc/arm-none-eabi/10.3.1/thumb/v7e-m+fp/hard/crtn.o
                0x0000000020018000                _estack = (ORIGIN (RAM) + LENGTH (RAM))
                0x0000000000000200                _Min_Heap_Size = 0x200
                0x0000000000000400                _Min_Stack_Size = 0x400

.isr_vector     0x0000000008000000      0x194
                0x0000000008000000                . = ALIGN (0x4)
 *(.isr_vector)
 .isr_vector    0x0000000008000000      0x194 ./Startup/startup_stm32f401retx.o
                0x0000000008000000                g_pfnVectors
                0x0000000008000194                . = ALIGN (0x4)

.text           0x0000000008000194      0xce8
                0x0000000008000194                . = ALIGN (0x4)
 *(.text)
 .text          0x0000000008000194       0x40 c:/st/stm32cubeide_1.11.0/stm32cubeide/plugins/com.st.stm32cube.ide.mcu.externaltools.gnu-tools-for-stm32.10.3-2021.10.win32_1.0.100.202210260954/tools/bin/../lib/gcc/arm-none-eabi/10.3.1/thumb/v7e-m+fp/hard/crtbegin.o
 *(.text*)
 .text.main     0x00000000080001d4       0x80 ./Src/011i2c_master_receive.o
                0x00000000080001d4                main
 .text.delay    0x0000000008000254       0x2a ./Src/011i2c_master_receive.o
                0x0000000008000254                delay
 *fill*         0x000000000800027e        0x2 
 .text.I2C1_GPIOInit
                0x0000000008000280       0x44 ./Src/011i2c_master_receive.o
                0x0000000008000280                I2C1_GPIOInit
 .text.I2C1_Init
                0x00000000080002c4       0x38 ./Src/011i2c_master_receive.o
                0x00000000080002c4                I2C1_Init
 .text.GPIO_ButtonInit
                0x00000000080002fc       0x38 ./Src/011i2c_master_receive.o
                0x00000000080002fc                GPIO_ButtonInit
 .text.Reset_Handler
                0x0000000008000334       0x50 ./Startup/startup_stm32f401retx.o
                0x0000000008000334                Reset_Handler
 .text.Default_Handler
                0x0000000008000384        0x2 ./Startup/startup_stm32f401retx.o
                0x0000000008000384                EXTI2_IRQHandler
                0x0000000008000384                DebugMon_Handler
                0x0000000008000384                SPI4_IRQHandler
                0x0000000008000384                TIM1_CC_IRQHandler
                0x0000000008000384                HardFault_Handler
                0x0000000008000384                SysTick_Handler
                0x0000000008000384                SDIO_IRQHandler
                0x0000000008000384                TAMP_STAMP_IRQHandler
                0x0000000008000384                PendSV_Handler
                0x0000000008000384                NMI_Handler
                0x0000000008000384                EXTI3_IRQHandler
                0x0000000008000384                TIM1_UP_TIM10_IRQHandler
                0x0000000008000384                I2C3_ER_IRQHandler
                0x0000000008000384                EXTI18_OTG_FS_WKUP_IRQHandler
                0x0000000008000384                EXTI0_IRQHandler
                0x0000000008000384                I2C2_EV_IRQHandler
                0x0000000008000384                FPU_IRQHandler
                0x0000000008000384                UsageFault_Handler
                0x0000000008000384                SPI1_IRQHandler
                0x0000000008000384                TIM1_BRK_TIM9_IRQHandler
                0x0000000008000384                USART6_IRQHandler
                0x0000000008000384                TIM4_IRQHandler
                0x0000000008000384                I2C1_EV_IRQHandler
                0x0000000008000384                TIM3_IRQHandler
                0x0000000008000384                RCC_IRQHandler
                0x0000000008000384                Default_Handler
                0x0000000008000384                EXTI15_10_IRQHandler
                0x0000000008000384                ADC_IRQHandler
                0x0000000008000384                TIM5_IRQHandler
                0x0000000008000384                I2C3_EV_IRQHandler
                0x0000000008000384                EXTI9_5_IRQHandler
                0x0000000008000384                SPI2_IRQHandler
                0x0000000008000384                MemManage_Handler
                0x0000000008000384                SVC_Handler
                0x0000000008000384                EXTI4_IRQHandler
                0x0000000008000384                EXTI22_RTC_WKUP_IRQHandler
                0x0000000008000384                TIM2_IRQHandler
                0x0000000008000384                EXTI16_PVD_IRQHandler
                0x0000000008000384                TIM1_TRG_COM_TIM11_IRQHandler
                0x0000000008000384                EXTI1_IRQHandler
                0x0000000008000384                EXTI17_RTC_Alarm_IRQHandler
                0x0000000008000384                USART2_IRQHandler
                0x0000000008000384                I2C2_ER_IRQHandler
                0x0000000008000384                FLASH_IRQHandler
                0x0000000008000384                BusFault_Handler
                0x0000000008000384                USART1_IRQHandler
                0x0000000008000384                OTG_FS_IRQHandler
                0x0000000008000384                SPI3_IRQHandler
                0x0000000008000384                I2C1_ER_IRQHandler
 .text.I2C_ClearADDRFLAG
                0x0000000008000386       0x6e ./drivers/Src/smt32f401xx_i2c_driver.o
 .text.I2C_ExecuteAddressPhaseWrite
                0x00000000080003f4       0x2c ./drivers/Src/smt32f401xx_i2c_driver.o
 .text.I2C_ExecuteAddressPhaseRead
                0x0000000008000420       0x2c ./drivers/Src/smt32f401xx_i2c_driver.o
 .text.I2C_GenerateStartCondition
                0x000000000800044c       0x20 ./drivers/Src/smt32f401xx_i2c_driver.o
 .text.I2C_GetFlagStatus
                0x000000000800046c       0x28 ./drivers/Src/smt32f401xx_i2c_driver.o
                0x000000000800046c                I2C_GetFlagStatus
 .text.I2C_GenerateStopCondition
                0x0000000008000494       0x20 ./drivers/Src/smt32f401xx_i2c_driver.o
 .text.I2C_PeriClockControl
                0x00000000080004b4       0xb0 ./drivers/Src/smt32f401xx_i2c_driver.o
                0x00000000080004b4                I2C_PeriClockControl
 .text.I2C_Init
                0x0000000008000564      0x158 ./drivers/Src/smt32f401xx_i2c_driver.o
                0x0000000008000564                I2C_Init
 .text.RCC_GetPCLK1Value
                0x00000000080006bc       0xb4 ./drivers/Src/smt32f401xx_i2c_driver.o
                0x00000000080006bc                RCC_GetPCLK1Value
 .text.RCC_GetPLLOutputClock
                0x0000000008000770       0x18 ./drivers/Src/smt32f401xx_i2c_driver.o
                0x0000000008000770                RCC_GetPLLOutputClock
 .text.I2C_MasterSendData
                0x0000000008000788       0xca ./drivers/Src/smt32f401xx_i2c_driver.o
                0x0000000008000788                I2C_MasterSendData
 .text.I2C_MasterReceiveData
                0x0000000008000852      0x11e ./drivers/Src/smt32f401xx_i2c_driver.o
                0x0000000008000852                I2C_MasterReceiveData
 .text.I2C_ManageAcking
                0x0000000008000970       0x38 ./drivers/Src/smt32f401xx_i2c_driver.o
                0x0000000008000970                I2C_ManageAcking
 .text.GPIO_PeriClockControl
                0x00000000080009a8      0x140 ./drivers/Src/stm32f401xx_gpio_drivers.o
                0x00000000080009a8                GPIO_PeriClockControl
 .text.GPIO_Init
                0x0000000008000ae8      0x308 ./drivers/Src/stm32f401xx_gpio_drivers.o
                0x0000000008000ae8                GPIO_Init
 .text.GPIO_ReadFromInputPin
                0x0000000008000df0       0x2c ./drivers/Src/stm32f401xx_gpio_drivers.o
                0x0000000008000df0                GPIO_ReadFromInputPin
 .text.__libc_init_array
                0x0000000008000e1c       0x48 c:/st/stm32cubeide_1.11.0/stm32cubeide/plugins/com.st.stm32cube.ide.mcu.externaltools.gnu-tools-for-stm32.10.3-2021.10.win32_1.0.100.202210260954/tools/bin/../lib/gcc/arm-none-eabi/10.3.1/../../../../arm-none-eabi/lib/thumb/v7e-m+fp/hard\libc_nano.a(lib_a-init.o)
                0x0000000008000e1c                __libc_init_array
 *(.glue_7)
 .glue_7        0x0000000008000e64        0x0 linker stubs
 *(.glue_7t)
 .glue_7t       0x0000000008000e64        0x0 linker stubs
 *(.eh_frame)
 .eh_frame      0x0000000008000e64        0x0 c:/st/stm32cubeide_1.11.0/stm32cubeide/plugins/com.st.stm32cube.ide.mcu.externaltools.gnu-tools-for-stm32.10.3-2021.10.win32_1.0.100.202210260954/tools/bin/../lib/gcc/arm-none-eabi/10.3.1/thumb/v7e-m+fp/hard/crtbegin.o
 *(.init)
 .init          0x0000000008000e64        0x4 c:/st/stm32cubeide_1.11.0/stm32cubeide/plugins/com.st.stm32cube.ide.mcu.externaltools.gnu-tools-for-stm32.10.3-2021.10.win32_1.0.100.202210260954/tools/bin/../lib/gcc/arm-none-eabi/10.3.1/thumb/v7e-m+fp/hard/crti.o
                0x0000000008000e64                _init
 .init          0x0000000008000e68        0x8 c:/st/stm32cubeide_1.11.0/stm32cubeide/plugins/com.st.stm32cube.ide.mcu.externaltools.gnu-tools-for-stm32.10.3-2021.10.win32_1.0.100.202210260954/tools/bin/../lib/gcc/arm-none-eabi/10.3.1/thumb/v7e-m+fp/hard/crtn.o
 *(.fini)
 .fini          0x0000000008000e70        0x4 c:/st/stm32cubeide_1.11.0/stm32cubeide/plugins/com.st.stm32cube.ide.mcu.externaltools.gnu-tools-for-stm32.10.3-2021.10.win32_1.0.100.202210260954/tools/bin/../lib/gcc/arm-none-eabi/10.3.1/thumb/v7e-m+fp/hard/crti.o
                0x0000000008000e70                _fini
 .fini          0x0000000008000e74        0x8 c:/st/stm32cubeide_1.11.0/stm32cubeide/plugins/com.st.stm32cube.ide.mcu.externaltools.gnu-tools-for-stm32.10.3-2021.10.win32_1.0.100.202210260954/tools/bin/../lib/gcc/arm-none-eabi/10.3.1/thumb/v7e-m+fp/hard/crtn.o
                0x0000000008000e7c                . = ALIGN (0x4)
                0x0000000008000e7c                _etext = .

.vfp11_veneer   0x0000000008000e7c        0x0
 .vfp11_veneer  0x0000000008000e7c        0x0 linker stubs

.v4_bx          0x0000000008000e7c        0x0
 .v4_bx         0x0000000008000e7c        0x0 linker stubs

.iplt           0x0000000008000e7c        0x0
 .iplt          0x0000000008000e7c        0x0 c:/st/stm32cubeide_1.11.0/stm32cubeide/plugins/com.st.stm32cube.ide.mcu.externaltools.gnu-tools-for-stm32.10.3-2021.10.win32_1.0.100.202210260954/tools/bin/../lib/gcc/arm-none-eabi/10.3.1/thumb/v7e-m+fp/hard/crtbegin.o

.rel.dyn        0x0000000008000e7c        0x0
 .rel.iplt      0x0000000008000e7c        0x0 c:/st/stm32cubeide_1.11.0/stm32cubeide/plugins/com.st.stm32cube.ide.mcu.externaltools.gnu-tools-for-stm32.10.3-2021.10.win32_1.0.100.202210260954/tools/bin/../lib/gcc/arm-none-eabi/10.3.1/thumb/v7e-m+fp/hard/crtbegin.o

.rodata         0x0000000008000e7c        0x0
                0x0000000008000e7c                . = ALIGN (0x4)
 *(.rodata)
 *(.rodata*)
                0x0000000008000e7c                . = ALIGN (0x4)

.ARM.extab      0x0000000008000e7c        0x0
                0x0000000008000e7c                . = ALIGN (0x4)
 *(.ARM.extab* .gnu.linkonce.armextab.*)
                0x0000000008000e7c                . = ALIGN (0x4)

.ARM            0x0000000008000e7c        0x0
                0x0000000008000e7c                . = ALIGN (0x4)
                0x0000000008000e7c                __exidx_start = .
 *(.ARM.exidx*)
                0x0000000008000e7c                __exidx_end = .
                0x0000000008000e7c                . = ALIGN (0x4)

.preinit_array  0x0000000008000e7c        0x0
                0x0000000008000e7c                . = ALIGN (0x4)
                0x0000000008000e7c                PROVIDE (__preinit_array_start = .)
 *(.preinit_array*)
                0x0000000008000e7c                PROVIDE (__preinit_array_end = .)
                0x0000000008000e7c                . = ALIGN (0x4)

.init_array     0x0000000008000e7c        0x4
                0x0000000008000e7c                . = ALIGN (0x4)
                0x0000000008000e7c                PROVIDE (__init_array_start = .)
 *(SORT_BY_NAME(.init_array.*))
 *(.init_array*)
 .init_array    0x0000000008000e7c        0x4 c:/st/stm32cubeide_1.11.0/stm32cubeide/plugins/com.st.stm32cube.ide.mcu.externaltools.gnu-tools-for-stm32.10.3-2021.10.win32_1.0.100.202210260954/tools/bin/../lib/gcc/arm-none-eabi/10.3.1/thumb/v7e-m+fp/hard/crtbegin.o
                0x0000000008000e80                PROVIDE (__init_array_end = .)
                0x0000000008000e80                . = ALIGN (0x4)

.fini_array     0x0000000008000e80        0x4
                0x0000000008000e80                . = ALIGN (0x4)
                [!provide]                        PROVIDE (__fini_array_start = .)
 *(SORT_BY_NAME(.fini_array.*))
 *(.fini_array*)
 .fini_array    0x0000000008000e80        0x4 c:/st/stm32cubeide_1.11.0/stm32cubeide/plugins/com.st.stm32cube.ide.mcu.externaltools.gnu-tools-for-stm32.10.3-2021.10.win32_1.0.100.202210260954/tools/bin/../lib/gcc/arm-none-eabi/10.3.1/thumb/v7e-m+fp/hard/crtbegin.o
                [!provide]                        PROVIDE (__fini_array_end = .)
                0x0000000008000e84                . = ALIGN (0x4)
                0x0000000008000e84                _sidata = LOADADDR (.data)

.data           0x0000000020000000       0x14 load address 0x0000000008000e84
                0x0000000020000000                . = ALIGN (0x4)
                0x0000000020000000                _sdata = .
 *(.data)
 *(.data*)
 .data.AHB_PreScaler
                0x0000000020000000       0x10 ./drivers/Src/smt32f401xx_i2c_driver.o
                0x0000000020000000                AHB_PreScaler
 .data.APB_PreScaler
                0x0000000020000010        0x4 ./drivers/Src/smt32f401xx_i2c_driver.o
                0x0000000020000010                APB_PreScaler
 *(.RamFunc)
 *(.RamFunc*)
                0x0000000020000014                . = ALIGN (0x4)
                0x0000000020000014                _edata = .

.igot.plt       0x0000000020000014        0x0 load address 0x0000000008000e98
 .igot.plt      0x0000000020000014        0x0 c:/st/stm32cubeide_1.11.0/stm32cubeide/plugins/com.st.stm32cube.ide.mcu.externaltools.gnu-tools-for-stm32.10.3-2021.10.win32_1.0.100.202210260954/tools/bin/../lib/gcc/arm-none-eabi/10.3.1/thumb/v7e-m+fp/hard/crtbegin.o
                0x0000000020000014                . = ALIGN (0x4)

.bss            0x0000000020000014       0x64 load address 0x0000000008000e98
                0x0000000020000014                _sbss = .
                0x0000000020000014                __bss_start__ = _sbss
 *(.bss)
 .bss           0x0000000020000014       0x1c c:/st/stm32cubeide_1.11.0/stm32cubeide/plugins/com.st.stm32cube.ide.mcu.externaltools.gnu-tools-for-stm32.10.3-2021.10.win32_1.0.100.202210260954/tools/bin/../lib/gcc/arm-none-eabi/10.3.1/thumb/v7e-m+fp/hard/crtbegin.o
 *(.bss*)
 .bss.rcv_buf   0x0000000020000030       0x20 ./Src/011i2c_master_receive.o
                0x0000000020000030                rcv_buf
 .bss.I2C1Handle
                0x0000000020000050       0x28 ./Src/011i2c_master_receive.o
                0x0000000020000050                I2C1Handle
 *(COMMON)
                0x0000000020000078                . = ALIGN (0x4)
                0x0000000020000078                _ebss = .
                0x0000000020000078                __bss_end__ = _ebss

._user_heap_stack
                0x0000000020000078      0x600 load address 0x0000000008000e98
                0x0000000020000078                . = ALIGN (0x8)
                [!provide]                        PROVIDE (end = .)
                0x0000000020000078                PROVIDE (_end = .)
                0x0000000020000278                . = (. + _Min_Heap_Size)
 *fill*         0x0000000020000078      0x200 
                0x0000000020000678                . = (. + _Min_Stack_Size)
 *fill*         0x0000000020000278      0x400 
                0x0000000020000678                . = ALIGN (0x8)

/DISCARD/
 libc.a(*)
 libm.a(*)
 libgcc.a(*)

.ARM.attributes
                0x0000000000000000       0x30
 *(.ARM.attributes)
 .ARM.attributes
                0x0000000000000000       0x1e c:/st/stm32cubeide_1.11.0/stm32cubeide/plugins/com.st.stm32cube.ide.mcu.externaltools.gnu-tools-for-stm32.10.3-2021.10.win32_1.0.100.202210260954/tools/bin/../lib/gcc/arm-none-eabi/10.3.1/thumb/v7e-m+fp/hard/crti.o
 .ARM.attributes
                0x000000000000001e       0x34 c:/st/stm32cubeide_1.11.0/stm32cubeide/plugins/com.st.stm32cube.ide.mcu.externaltools.gnu-tools-for-stm32.10.3-2021.10.win32_1.0.100.202210260954/tools/bin/../lib/gcc/arm-none-eabi/10.3.1/thumb/v7e-m+fp/hard/crtbegin.o
 .ARM.attributes
                0x0000000000000052       0x34 ./Src/011i2c_master_receive.o
 .ARM.attributes
                0x0000000000000086       0x21 ./Startup/startup_stm32f401retx.o
 .ARM.attributes
                0x00000000000000a7       0x34 ./drivers/Src/smt32f401xx_i2c_driver.o
 .ARM.attributes
                0x00000000000000db       0x34 ./drivers/Src/stm32f401xx_gpio_drivers.o
 .ARM.attributes
                0x000000000000010f       0x34 c:/st/stm32cubeide_1.11.0/stm32cubeide/plugins/com.st.stm32cube.ide.mcu.externaltools.gnu-tools-for-stm32.10.3-2021.10.win32_1.0.100.202210260954/tools/bin/../lib/gcc/arm-none-eabi/10.3.1/../../../../arm-none-eabi/lib/thumb/v7e-m+fp/hard\libc_nano.a(lib_a-init.o)
 .ARM.attributes
                0x0000000000000143       0x1e c:/st/stm32cubeide_1.11.0/stm32cubeide/plugins/com.st.stm32cube.ide.mcu.externaltools.gnu-tools-for-stm32.10.3-2021.10.win32_1.0.100.202210260954/tools/bin/../lib/gcc/arm-none-eabi/10.3.1/thumb/v7e-m+fp/hard/crtn.o
OUTPUT(stm32f4xx_drivers.elf elf32-littlearm)
LOAD linker stubs
LOAD c:/st/stm32cubeide_1.11.0/stm32cubeide/plugins/com.st.stm32cube.ide.mcu.externaltools.gnu-tools-for-stm32.10.3-2021.10.win32_1.0.100.202210260954/tools/bin/../lib/gcc/arm-none-eabi/10.3.1/../../../../arm-none-eabi/lib/thumb/v7e-m+fp/hard\libc.a
LOAD c:/st/stm32cubeide_1.11.0/stm32cubeide/plugins/com.st.stm32cube.ide.mcu.externaltools.gnu-tools-for-stm32.10.3-2021.10.win32_1.0.100.202210260954/tools/bin/../lib/gcc/arm-none-eabi/10.3.1/../../../../arm-none-eabi/lib/thumb/v7e-m+fp/hard\libm.a
LOAD c:/st/stm32cubeide_1.11.0/stm32cubeide/plugins/com.st.stm32cube.ide.mcu.externaltools.gnu-tools-for-stm32.10.3-2021.10.win32_1.0.100.202210260954/tools/bin/../lib/gcc/arm-none-eabi/10.3.1/thumb/v7e-m+fp/hard\libgcc.a

.debug_info     0x0000000000000000     0x1824
 .debug_info    0x0000000000000000      0x581 ./Src/011i2c_master_receive.o
 .debug_info    0x0000000000000581       0x22 ./Startup/startup_stm32f401retx.o
 .debug_info    0x00000000000005a3      0xac2 ./drivers/Src/smt32f401xx_i2c_driver.o
 .debug_info    0x0000000000001065      0x7bf ./drivers/Src/stm32f401xx_gpio_drivers.o

.debug_abbrev   0x0000000000000000      0x59a
 .debug_abbrev  0x0000000000000000      0x19d ./Src/011i2c_master_receive.o
 .debug_abbrev  0x000000000000019d       0x12 ./Startup/startup_stm32f401retx.o
 .debug_abbrev  0x00000000000001af      0x25a ./drivers/Src/smt32f401xx_i2c_driver.o
 .debug_abbrev  0x0000000000000409      0x191 ./drivers/Src/stm32f401xx_gpio_drivers.o

.debug_aranges  0x0000000000000000      0x1a8
 .debug_aranges
                0x0000000000000000       0x40 ./Src/011i2c_master_receive.o
 .debug_aranges
                0x0000000000000040       0x28 ./Startup/startup_stm32f401retx.o
 .debug_aranges
                0x0000000000000068       0xd0 ./drivers/Src/smt32f401xx_i2c_driver.o
 .debug_aranges
                0x0000000000000138       0x70 ./drivers/Src/stm32f401xx_gpio_drivers.o

.debug_ranges   0x0000000000000000      0x170
 .debug_ranges  0x0000000000000000       0x30 ./Src/011i2c_master_receive.o
 .debug_ranges  0x0000000000000030       0x20 ./Startup/startup_stm32f401retx.o
 .debug_ranges  0x0000000000000050       0xc0 ./drivers/Src/smt32f401xx_i2c_driver.o
 .debug_ranges  0x0000000000000110       0x60 ./drivers/Src/stm32f401xx_gpio_drivers.o

.debug_macro    0x0000000000000000     0x25f4
 .debug_macro   0x0000000000000000      0x228 ./Src/011i2c_master_receive.o
 .debug_macro   0x0000000000000228      0xa84 ./Src/011i2c_master_receive.o
 .debug_macro   0x0000000000000cac       0x22 ./Src/011i2c_master_receive.o
 .debug_macro   0x0000000000000cce       0x8e ./Src/011i2c_master_receive.o
 .debug_macro   0x0000000000000d5c       0x51 ./Src/011i2c_master_receive.o
 .debug_macro   0x0000000000000dad      0x103 ./Src/011i2c_master_receive.o
 .debug_macro   0x0000000000000eb0       0x6a ./Src/011i2c_master_receive.o
 .debug_macro   0x0000000000000f1a      0x1df ./Src/011i2c_master_receive.o
 .debug_macro   0x00000000000010f9      0x174 ./Src/011i2c_master_receive.o
 .debug_macro   0x000000000000126d      0x53e ./Src/011i2c_master_receive.o
 .debug_macro   0x00000000000017ab       0xc4 ./Src/011i2c_master_receive.o
 .debug_macro   0x000000000000186f       0xca ./Src/011i2c_master_receive.o
 .debug_macro   0x0000000000001939       0x52 ./Src/011i2c_master_receive.o
 .debug_macro   0x000000000000198b       0x1e ./Src/011i2c_master_receive.o
 .debug_macro   0x00000000000019a9       0x3c ./Src/011i2c_master_receive.o
 .debug_macro   0x00000000000019e5       0x34 ./Src/011i2c_master_receive.o
 .debug_macro   0x0000000000001a19       0x16 ./Src/011i2c_master_receive.o
 .debug_macro   0x0000000000001a2f       0x43 ./Src/011i2c_master_receive.o
 .debug_macro   0x0000000000001a72       0x34 ./Src/011i2c_master_receive.o
 .debug_macro   0x0000000000001aa6       0x10 ./Src/011i2c_master_receive.o
 .debug_macro   0x0000000000001ab6       0x58 ./Src/011i2c_master_receive.o
 .debug_macro   0x0000000000001b0e       0x71 ./Src/011i2c_master_receive.o
 .debug_macro   0x0000000000001b7f       0x1c ./Src/011i2c_master_receive.o
 .debug_macro   0x0000000000001b9b      0x12a ./Src/011i2c_master_receive.o
 .debug_macro   0x0000000000001cc5      0x341 ./Src/011i2c_master_receive.o
 .debug_macro   0x0000000000002006       0x10 ./Src/011i2c_master_receive.o
 .debug_macro   0x0000000000002016       0x35 ./Src/011i2c_master_receive.o
 .debug_macro   0x000000000000204b       0x20 ./Src/011i2c_master_receive.o
 .debug_macro   0x000000000000206b       0x1c ./Src/011i2c_master_receive.o
 .debug_macro   0x0000000000002087       0x10 ./Src/011i2c_master_receive.o
 .debug_macro   0x0000000000002097       0x10 ./Src/011i2c_master_receive.o
 .debug_macro   0x00000000000020a7       0x1c ./Src/011i2c_master_receive.o
 .debug_macro   0x00000000000020c3       0x52 ./Src/011i2c_master_receive.o
 .debug_macro   0x0000000000002115       0x22 ./Src/011i2c_master_receive.o
 .debug_macro   0x0000000000002137       0x10 ./Src/011i2c_master_receive.o
 .debug_macro   0x0000000000002147       0x52 ./Src/011i2c_master_receive.o
 .debug_macro   0x0000000000002199       0xd5 ./Src/011i2c_master_receive.o
 .debug_macro   0x000000000000226e       0x1c ./Src/011i2c_master_receive.o
 .debug_macro   0x000000000000228a       0x3d ./Src/011i2c_master_receive.o
 .debug_macro   0x00000000000022c7       0x16 ./Src/011i2c_master_receive.o
 .debug_macro   0x00000000000022dd      0x145 ./Src/011i2c_master_receive.o
 .debug_macro   0x0000000000002422       0x84 ./drivers/Src/smt32f401xx_i2c_driver.o
 .debug_macro   0x00000000000024a6       0x8a ./drivers/Src/stm32f401xx_gpio_drivers.o
 .debug_macro   0x0000000000002530       0xc4 ./drivers/Src/stm32f401xx_gpio_drivers.o

.debug_line     0x0000000000000000     0x1c8a
 .debug_line    0x0000000000000000      0x715 ./Src/011i2c_master_receive.o
 .debug_line    0x0000000000000715       0x84 ./Startup/startup_stm32f401retx.o
 .debug_line    0x0000000000000799      0xbff ./drivers/Src/smt32f401xx_i2c_driver.o
 .debug_line    0x0000000000001398      0x8f2 ./drivers/Src/stm32f401xx_gpio_drivers.o

.debug_str      0x0000000000000000     0x9f82
 .debug_str     0x0000000000000000     0x9a4a ./Src/011i2c_master_receive.o
                                       0x9c59 (size before relaxing)
 .debug_str     0x0000000000009a4a       0x31 ./Startup/startup_stm32f401retx.o
                                         0x73 (size before relaxing)
 .debug_str     0x0000000000009a7b      0x3e3 ./drivers/Src/smt32f401xx_i2c_driver.o
                                       0x5e6e (size before relaxing)
 .debug_str     0x0000000000009e5e      0x124 ./drivers/Src/stm32f401xx_gpio_drivers.o
                                       0x5c78 (size before relaxing)

.comment        0x0000000000000000       0x50
 .comment       0x0000000000000000       0x50 ./Src/011i2c_master_receive.o
                                         0x51 (size before relaxing)
 .comment       0x0000000000000050       0x51 ./drivers/Src/smt32f401xx_i2c_driver.o
 .comment       0x0000000000000050       0x51 ./drivers/Src/stm32f401xx_gpio_drivers.o

.debug_frame    0x0000000000000000      0x628
 .debug_frame   0x0000000000000000       0xbc ./Src/011i2c_master_receive.o
 .debug_frame   0x00000000000000bc      0x378 ./drivers/Src/smt32f401xx_i2c_driver.o
 .debug_frame   0x0000000000000434      0x1c8 ./drivers/Src/stm32f401xx_gpio_drivers.o
 .debug_frame   0x00000000000005fc       0x2c c:/st/stm32cubeide_1.11.0/stm32cubeide/plugins/com.st.stm32cube.ide.mcu.externaltools.gnu-tools-for-stm32.10.3-2021.10.win32_1.0.100.202210260954/tools/bin/../lib/gcc/arm-none-eabi/10.3.1/../../../../arm-none-eabi/lib/thumb/v7e-m+fp/hard\libc_nano.a(lib_a-init.o)
